// Vitest Snapshot v1, https://vitest.dev/guide/snapshot.html

exports[`nation gold per minute > world map, impossible nations, 20 minutes 1`] = `
{
  "aliveNations": 39,
  "perMinute": [
    {
      "cities": 0,
      "factories": 0,
      "minute": 1,
      "ports": 0,
      "shipsArrived": 0,
      "tradeGold": 0,
      "tradeShipsAtSea": 0,
      "trainGold": 0,
      "trainStops": 0,
      "trainsRunning": 0,
    },
    {
      "cities": 1,
      "factories": 0,
      "minute": 2,
      "ports": 0,
      "shipsArrived": 0,
      "tradeGold": 0,
      "tradeShipsAtSea": 0,
      "trainGold": 0,
      "trainStops": 0,
      "trainsRunning": 0,
    },
    {
      "cities": 60,
      "factories": 0,
      "minute": 3,
      "ports": 0,
      "shipsArrived": 0,
      "tradeGold": 0,
      "tradeShipsAtSea": 0,
      "trainGold": 0,
      "trainStops": 0,
      "trainsRunning": 0,
    },
    {
      "cities": 60,
      "factories": 0,
      "minute": 4,
      "ports": 2,
      "shipsArrived": 0,
      "tradeGold": 0,
      "tradeShipsAtSea": 2,
      "trainGold": 0,
      "trainStops": 0,
      "trainsRunning": 0,
    },
    {
      "cities": 61,
      "factories": 0,
      "minute": 5,
      "ports": 5,
      "shipsArrived": 1,
      "tradeGold": 187600,
      "tradeShipsAtSea": 25,
      "trainGold": 0,
      "trainStops": 0,
      "trainsRunning": 0,
    },
    {
      "cities": 67,
      "factories": 0,
      "minute": 6,
      "ports": 8,
      "shipsArrived": 8,
      "tradeGold": 1080000,
      "tradeShipsAtSea": 58,
      "trainGold": 0,
      "trainStops": 0,
      "trainsRunning": 0,
    },
    {
      "cities": 98,
      "factories": 0,
      "minute": 7,
      "ports": 13,
      "shipsArrived": 17,
      "tradeGold": 3606000,
      "tradeShipsAtSea": 93,
      "trainGold": 0,
      "trainStops": 0,
      "trainsRunning": 0,
    },
    {
      "cities": 103,
      "factories": 0,
      "minute": 8,
      "ports": 18,
      "shipsArrived": 40,
      "tradeGold": 9292000,
      "tradeShipsAtSea": 131,
      "trainGold": 0,
      "trainStops": 0,
      "trainsRunning": 0,
    },
    {
      "cities": 105,
      "factories": 5,
      "minute": 9,
      "ports": 46,
      "shipsArrived": 73,
      "tradeGold": 17880000,
      "tradeShipsAtSea": 196,
      "trainGold": 700000,
      "trainStops": 18,
      "trainsRunning": 29,
    },
    {
      "cities": 108,
      "factories": 5,
      "minute": 10,
      "ports": 49,
      "shipsArrived": 74,
      "tradeGold": 16590000,
      "tradeShipsAtSea": 303,
      "trainGold": 1240000,
      "trainStops": 34,
      "trainsRunning": 21,
    },
    {
      "cities": 125,
      "factories": 9,
      "minute": 11,
      "ports": 52,
      "shipsArrived": 160,
      "tradeGold": 38170000,
      "tradeShipsAtSea": 293,
      "trainGold": 2390000,
      "trainStops": 61,
      "trainsRunning": 63,
    },
    {
      "cities": 128,
      "factories": 14,
      "minute": 12,
      "ports": 60,
      "shipsArrived": 177,
      "tradeGold": 41440000,
      "tradeShipsAtSea": 324,
      "trainGold": 3360000,
      "trainStops": 78,
      "trainsRunning": 42,
    },
    {
      "cities": 128,
      "factories": 13,
      "minute": 13,
      "ports": 61,
      "shipsArrived": 193,
      "tradeGold": 44380000,
      "tradeShipsAtSea": 322,
      "trainGold": 2890000,
      "trainStops": 93,
      "trainsRunning": 63,
    },
    {
      "cities": 125,
      "factories": 15,
      "minute": 14,
      "ports": 55,
      "shipsArrived": 146,
      "tradeGold": 35030000,
      "tradeShipsAtSea": 287,
      "trainGold": 2560000,
      "trainStops": 76,
      "trainsRunning": 42,
    },
    {
      "cities": 126,
      "factories": 15,
      "minute": 15,
      "ports": 59,
      "shipsArrived": 157,
      "tradeGold": 34470000,
      "tradeShipsAtSea": 341,
      "trainGold": 3340000,
      "trainStops": 92,
      "trainsRunning": 56,
    },
    {
      "cities": 128,
      "factories": 16,
      "minute": 16,
      "ports": 60,
      "shipsArrived": 200,
      "tradeGold": 47840000,
      "tradeShipsAtSea": 364,
      "trainGold": 4760000,
      "trainStops": 124,
      "trainsRunning": 91,
    },
    {
      "cities": 131,
      "factories": 17,
      "minute": 17,
      "ports": 63,
      "shipsArrived": 194,
      "tradeGold": 47200000,
      "tradeShipsAtSea": 382,
      "trainGold": 5240000,
      "trainStops": 144,
      "trainsRunning": 84,
    },
    {
      "cities": 128,
      "factories": 15,
      "minute": 18,
      "ports": 64,
      "shipsArrived": 214,
      "tradeGold": 54120000,
      "tradeShipsAtSea": 380,
      "trainGold": 4120000,
      "trainStops": 116,
      "trainsRunning": 70,
    },
    {
      "cities": 122,
      "factories": 18,
      "minute": 19,
      "ports": 61,
      "shipsArrived": 219,
      "tradeGold": 52700000,
      "tradeShipsAtSea": 337,
      "trainGold": 1290000,
      "trainStops": 73,
      "trainsRunning": 56,
    },
    {
      "cities": 114,
      "factories": 22,
      "minute": 20,
      "ports": 63,
      "shipsArrived": 178,
      "tradeGold": 41680000,
      "tradeShipsAtSea": 368,
      "trainGold": 2500000,
      "trainStops": 84,
      "trainsRunning": 56,
    },
  ],
  "totals": {
    "shipsArrived": 2051,
    "tradeGold": 485700000,
    "trainGold": 34390000,
    "trainStops": 993,
  },
}
`;
