// Vitest Snapshot v1, https://vitest.dev/guide/snapshot.html

exports[`nation gold per minute > world map, impossible nations, 20 minutes 1`] = `
{
  "aliveNations": 40,
  "perMinute": [
    {
      "cities": 0,
      "factories": 0,
      "minute": 1,
      "ports": 0,
      "shipsArrived": 0,
      "tradeGold": 0,
      "tradeShipsAtSea": 0,
      "trainGold": 0,
      "trainStops": 0,
      "trainsRunning": 0,
    },
    {
      "cities": 1,
      "factories": 0,
      "minute": 2,
      "ports": 0,
      "shipsArrived": 0,
      "tradeGold": 0,
      "tradeShipsAtSea": 0,
      "trainGold": 0,
      "trainStops": 0,
      "trainsRunning": 0,
    },
    {
      "cities": 60,
      "factories": 0,
      "minute": 3,
      "ports": 0,
      "shipsArrived": 0,
      "tradeGold": 0,
      "tradeShipsAtSea": 0,
      "trainGold": 0,
      "trainStops": 0,
      "trainsRunning": 0,
    },
    {
      "cities": 60,
      "factories": 0,
      "minute": 4,
      "ports": 2,
      "shipsArrived": 0,
      "tradeGold": 0,
      "tradeShipsAtSea": 2,
      "trainGold": 0,
      "trainStops": 0,
      "trainsRunning": 0,
    },
    {
      "cities": 61,
      "factories": 0,
      "minute": 5,
      "ports": 5,
      "shipsArrived": 1,
      "tradeGold": 187600,
      "tradeShipsAtSea": 25,
      "trainGold": 0,
      "trainStops": 0,
      "trainsRunning": 0,
    },
    {
      "cities": 67,
      "factories": 0,
      "minute": 6,
      "ports": 8,
      "shipsArrived": 8,
      "tradeGold": 1080000,
      "tradeShipsAtSea": 58,
      "trainGold": 0,
      "trainStops": 0,
      "trainsRunning": 0,
    },
    {
      "cities": 98,
      "factories": 0,
      "minute": 7,
      "ports": 13,
      "shipsArrived": 17,
      "tradeGold": 3606000,
      "tradeShipsAtSea": 94,
      "trainGold": 0,
      "trainStops": 0,
      "trainsRunning": 0,
    },
    {
      "cities": 97,
      "factories": 0,
      "minute": 8,
      "ports": 19,
      "shipsArrived": 36,
      "tradeGold": 8584000,
      "tradeShipsAtSea": 143,
      "trainGold": 0,
      "trainStops": 0,
      "trainsRunning": 0,
    },
    {
      "cities": 99,
      "factories": 4,
      "minute": 9,
      "ports": 47,
      "shipsArrived": 71,
      "tradeGold": 17800000,
      "tradeShipsAtSea": 207,
      "trainGold": 837500,
      "trainStops": 19,
      "trainsRunning": 7,
    },
    {
      "cities": 101,
      "factories": 7,
      "minute": 10,
      "ports": 51,
      "shipsArrived": 101,
      "tradeGold": 24400000,
      "tradeShipsAtSea": 298,
      "trainGold": 1220000,
      "trainStops": 28,
      "trainsRunning": 7,
    },
    {
      "cities": 120,
      "factories": 9,
      "minute": 11,
      "ports": 60,
      "shipsArrived": 162,
      "tradeGold": 38670000,
      "tradeShipsAtSea": 306,
      "trainGold": 2513000,
      "trainStops": 48,
      "trainsRunning": 35,
    },
    {
      "cities": 124,
      "factories": 12,
      "minute": 12,
      "ports": 64,
      "shipsArrived": 170,
      "tradeGold": 41230000,
      "tradeShipsAtSea": 350,
      "trainGold": 3485000,
      "trainStops": 73,
      "trainsRunning": 63,
    },
    {
      "cities": 126,
      "factories": 14,
      "minute": 13,
      "ports": 66,
      "shipsArrived": 182,
      "tradeGold": 46350000,
      "tradeShipsAtSea": 356,
      "trainGold": 5015000,
      "trainStops": 97,
      "trainsRunning": 56,
    },
    {
      "cities": 124,
      "factories": 14,
      "minute": 14,
      "ports": 66,
      "shipsArrived": 206,
      "tradeGold": 49470000,
      "tradeShipsAtSea": 342,
      "trainGold": 6418000,
      "trainStops": 115,
      "trainsRunning": 63,
    },
    {
      "cities": 124,
      "factories": 15,
      "minute": 15,
      "ports": 66,
      "shipsArrived": 193,
      "tradeGold": 45410000,
      "tradeShipsAtSea": 350,
      "trainGold": 6008000,
      "trainStops": 129,
      "trainsRunning": 56,
    },
    {
      "cities": 118,
      "factories": 17,
      "minute": 16,
      "ports": 66,
      "shipsArrived": 184,
      "tradeGold": 45790000,
      "tradeShipsAtSea": 345,
      "trainGold": 4333000,
      "trainStops": 100,
      "trainsRunning": 56,
    },
    {
      "cities": 104,
      "factories": 17,
      "minute": 17,
      "ports": 67,
      "shipsArrived": 166,
      "tradeGold": 42150000,
      "tradeShipsAtSea": 349,
      "trainGold": 5543000,
      "trainStops": 117,
      "trainsRunning": 49,
    },
    {
      "cities": 105,
      "factories": 14,
      "minute": 18,
      "ports": 68,
      "shipsArrived": 185,
      "tradeGold": 42350000,
      "tradeShipsAtSea": 371,
      "trainGold": 3315000,
      "trainStops": 105,
      "trainsRunning": 56,
    },
    {
      "cities": 107,
      "factories": 15,
      "minute": 19,
      "ports": 73,
      "shipsArrived": 196,
      "tradeGold": 49380000,
      "tradeShipsAtSea": 358,
      "trainGold": 3333000,
      "trainStops": 110,
      "trainsRunning": 56,
    },
    {
      "cities": 108,
      "factories": 16,
      "minute": 20,
      "ports": 73,
      "shipsArrived": 183,
      "tradeGold": 48390000,
      "tradeShipsAtSea": 385,
      "trainGold": 2023000,
      "trainStops": 70,
      "trainsRunning": 35,
    },
  ],
  "totals": {
    "shipsArrived": 2061,
    "tradeGold": 504800000,
    "trainGold": 44040000,
    "trainStops": 1011,
  },
}
`;
